1.000000000000000000e+00
1.010000000000000000e+02
2.010000000000000000e+02
3.010000000000000000e+02
4.010000000000000000e+02
5.010000000000000000e+02
6.010000000000000000e+02
